// Jest Snapshot v1, https://goo.gl/fbAQLP

exports[`CardsContainer should match the snapshot 1`] = `
ShallowWrapper {
  Symbol(enzyme.__root__): [Circular],
  Symbol(enzyme.__unrendered__): <CardsContainer
    currentPage="people"
    getItemList={[Function]}
    handleFavorites={[MockFunction]}
  />,
  Symbol(enzyme.__renderer__): Object {
    "batchedUpdates": [Function],
    "getNode": [Function],
    "render": [Function],
    "simulateError": [Function],
    "simulateEvent": [Function],
    "unmount": [Function],
  },
  Symbol(enzyme.__node__): Object {
    "instance": null,
    "key": undefined,
    "nodeType": "host",
    "props": Object {
      "children": <div
        className="cards-container"
      >
        <div
          className="container"
        >
          <div>
            <div
              className="cards"
            >
              <h1>
                 Repo Loading... 
              </h1>
            </div>
          </div>
        </div>
      </div>,
    },
    "ref": null,
    "rendered": Object {
      "instance": null,
      "key": undefined,
      "nodeType": "host",
      "props": Object {
        "children": <div
          className="container"
        >
          <div>
            <div
              className="cards"
            >
              <h1>
                 Repo Loading... 
              </h1>
            </div>
          </div>
        </div>,
        "className": "cards-container",
      },
      "ref": null,
      "rendered": Object {
        "instance": null,
        "key": undefined,
        "nodeType": "host",
        "props": Object {
          "children": <div>
            <div
              className="cards"
            >
              <h1>
                 Repo Loading... 
              </h1>
            </div>
          </div>,
          "className": "container",
        },
        "ref": null,
        "rendered": Object {
          "instance": null,
          "key": undefined,
          "nodeType": "host",
          "props": Object {
            "children": <div
              className="cards"
            >
              <h1>
                 Repo Loading... 
              </h1>
            </div>,
          },
          "ref": null,
          "rendered": Object {
            "instance": null,
            "key": undefined,
            "nodeType": "host",
            "props": Object {
              "children": <h1>
                 Repo Loading... 
              </h1>,
              "className": "cards",
            },
            "ref": null,
            "rendered": Object {
              "instance": null,
              "key": undefined,
              "nodeType": "host",
              "props": Object {
                "children": " Repo Loading... ",
              },
              "ref": null,
              "rendered": " Repo Loading... ",
              "type": "h1",
            },
            "type": "div",
          },
          "type": "div",
        },
        "type": "div",
      },
      "type": "div",
    },
    "type": "div",
  },
  Symbol(enzyme.__nodes__): Array [
    Object {
      "instance": null,
      "key": undefined,
      "nodeType": "host",
      "props": Object {
        "children": <div
          className="cards-container"
        >
          <div
            className="container"
          >
            <div>
              <div
                className="cards"
              >
                <h1>
                   Repo Loading... 
                </h1>
              </div>
            </div>
          </div>
        </div>,
      },
      "ref": null,
      "rendered": Object {
        "instance": null,
        "key": undefined,
        "nodeType": "host",
        "props": Object {
          "children": <div
            className="container"
          >
            <div>
              <div
                className="cards"
              >
                <h1>
                   Repo Loading... 
                </h1>
              </div>
            </div>
          </div>,
          "className": "cards-container",
        },
        "ref": null,
        "rendered": Object {
          "instance": null,
          "key": undefined,
          "nodeType": "host",
          "props": Object {
            "children": <div>
              <div
                className="cards"
              >
                <h1>
                   Repo Loading... 
                </h1>
              </div>
            </div>,
            "className": "container",
          },
          "ref": null,
          "rendered": Object {
            "instance": null,
            "key": undefined,
            "nodeType": "host",
            "props": Object {
              "children": <div
                className="cards"
              >
                <h1>
                   Repo Loading... 
                </h1>
              </div>,
            },
            "ref": null,
            "rendered": Object {
              "instance": null,
              "key": undefined,
              "nodeType": "host",
              "props": Object {
                "children": <h1>
                   Repo Loading... 
                </h1>,
                "className": "cards",
              },
              "ref": null,
              "rendered": Object {
                "instance": null,
                "key": undefined,
                "nodeType": "host",
                "props": Object {
                  "children": " Repo Loading... ",
                },
                "ref": null,
                "rendered": " Repo Loading... ",
                "type": "h1",
              },
              "type": "div",
            },
            "type": "div",
          },
          "type": "div",
        },
        "type": "div",
      },
      "type": "div",
    },
  ],
  Symbol(enzyme.__options__): Object {
    "adapter": ReactSixteenAdapter {
      "options": Object {
        "enableComponentDidUpdateOnSetState": true,
        "lifecycles": Object {
          "componentDidUpdate": Object {
            "onSetState": true,
          },
          "getDerivedStateFromProps": true,
          "getSnapshotBeforeUpdate": true,
          "setState": Object {
            "skipsComponentDidUpdateOnNullish": true,
          },
        },
      },
    },
  },
}
`;
