// Jest Snapshot v1, https://goo.gl/fbAQLP

exports[`ScrollSection should match the snapshot 1`] = `
ShallowWrapper {
  Symbol(enzyme.__root__): [Circular],
  Symbol(enzyme.__unrendered__): <ScrollSection
    movie={
      Object {
        "date": "December 31 1999",
        "opening": "Space: the final frontier.  These are the voyages of the starship Enterprise.  Its five-year mission: to explore strange new worlds. To seek out new life and new civilizations.  To boldly go where no man has gone before!",
        "somethingElse": "info that will later be removed from this object",
        "title": "StarTrek",
      }
    }
  />,
  Symbol(enzyme.__renderer__): Object {
    "batchedUpdates": [Function],
    "getNode": [Function],
    "render": [Function],
    "simulateError": [Function],
    "simulateEvent": [Function],
    "unmount": [Function],
  },
  Symbol(enzyme.__node__): Object {
    "instance": null,
    "key": undefined,
    "nodeType": "host",
    "props": Object {
      "children": <MyCrawlComponent
        movie={
          Object {
            "date": "December 31 1999",
            "opening": "Space: the final frontier.  These are the voyages of the starship Enterprise.  Its five-year mission: to explore strange new worlds. To seek out new life and new civilizations.  To boldly go where no man has gone before!",
            "somethingElse": "info that will later be removed from this object",
            "title": "StarTrek",
          }
        }
      />,
      "className": "ScrollSection",
    },
    "ref": null,
    "rendered": Object {
      "instance": null,
      "key": undefined,
      "nodeType": "function",
      "props": Object {
        "movie": Object {
          "date": "December 31 1999",
          "opening": "Space: the final frontier.  These are the voyages of the starship Enterprise.  Its five-year mission: to explore strange new worlds. To seek out new life and new civilizations.  To boldly go where no man has gone before!",
          "somethingElse": "info that will later be removed from this object",
          "title": "StarTrek",
        },
      },
      "ref": null,
      "rendered": null,
      "type": [Function],
    },
    "type": "div",
  },
  Symbol(enzyme.__nodes__): Array [
    Object {
      "instance": null,
      "key": undefined,
      "nodeType": "host",
      "props": Object {
        "children": <MyCrawlComponent
          movie={
            Object {
              "date": "December 31 1999",
              "opening": "Space: the final frontier.  These are the voyages of the starship Enterprise.  Its five-year mission: to explore strange new worlds. To seek out new life and new civilizations.  To boldly go where no man has gone before!",
              "somethingElse": "info that will later be removed from this object",
              "title": "StarTrek",
            }
          }
        />,
        "className": "ScrollSection",
      },
      "ref": null,
      "rendered": Object {
        "instance": null,
        "key": undefined,
        "nodeType": "function",
        "props": Object {
          "movie": Object {
            "date": "December 31 1999",
            "opening": "Space: the final frontier.  These are the voyages of the starship Enterprise.  Its five-year mission: to explore strange new worlds. To seek out new life and new civilizations.  To boldly go where no man has gone before!",
            "somethingElse": "info that will later be removed from this object",
            "title": "StarTrek",
          },
        },
        "ref": null,
        "rendered": null,
        "type": [Function],
      },
      "type": "div",
    },
  ],
  Symbol(enzyme.__options__): Object {
    "adapter": ReactSixteenAdapter {
      "options": Object {
        "enableComponentDidUpdateOnSetState": true,
        "lifecycles": Object {
          "componentDidUpdate": Object {
            "onSetState": true,
          },
          "getDerivedStateFromProps": true,
          "getSnapshotBeforeUpdate": true,
          "setState": Object {
            "skipsComponentDidUpdateOnNullish": true,
          },
        },
      },
    },
  },
}
`;
